// Jest Snapshot v1, https://goo.gl/fbAQLP

exports[`Testing <AddCategory /> component. should render correctly. 1`] = `
<div>
  <form
    aria-label="form"
  >
    <input
      placeholder="Buscar gifs"
      type="text"
      value=""
    />
  </form>
</div>
`;
